2026-06-05 00:25:54 ERROR C:\project_new\venv\Lib\site-packages\django\utils\log.py Internal Server Error: /accounts/yandex/login/
(<class 'allauth.socialaccount.models.SocialApp.DoesNotExist'>, DoesNotExist(), <traceback object at 0x000001694A029380>)
Traceback (most recent call last):
  File "C:\project_new\venv\Lib\site-packages\django\core\handlers\exception.py", line 55, in inner
    response = get_response(request)
  File "C:\project_new\venv\Lib\site-packages\django\core\handlers\base.py", line 198, in _get_response
    response = wrapped_callback(request, *callback_args, **callback_kwargs)
  File "C:\project_new\venv\Lib\site-packages\allauth\socialaccount\providers\oauth2\views.py", line 112, in view
    return self.dispatch(  # type:ignore[attr-defined]
           ~~~~~~~~~~~~~^^^^^^^^^^^^^^^^^^^^^^^^^^^^^^
        request, *args, **kwargs
        ^^^^^^^^^^^^^^^^^^^^^^^^
    )
    ^
  File "C:\project_new\venv\Lib\site-packages\allauth\socialaccount\providers\base\views.py", line 19, in dispatch
    provider = self.get_provider()
  File "C:\project_new\venv\Lib\site-packages\allauth\socialaccount\providers\oauth2\views.py", line 123, in get_provider
    return self.adapter.get_provider()
           ~~~~~~~~~~~~~~~~~~~~~~~~~^^
  File "C:\project_new\venv\Lib\site-packages\allauth\socialaccount\providers\oauth2\views.py", line 50, in get_provider
    return get_adapter(self.request).get_provider(
           ~~~~~~~~~~~~~~~~~~~~~~~~~~~~~~~~~~~~~~^
        self.request, provider=self.provider_id
        ^^^^^^^^^^^^^^^^^^^^^^^^^^^^^^^^^^^^^^^
    )
    ^
  File "C:\project_new\venv\Lib\site-packages\allauth\socialaccount\adapter.py", line 234, in get_provider
    app = self.get_app(request, provider=provider, client_id=client_id)
  File "C:\project_new\venv\Lib\site-packages\allauth\socialaccount\adapter.py", line 326, in get_app
    raise SocialApp.DoesNotExist()
allauth.socialaccount.models.SocialApp.DoesNotExist
2026-06-05 00:25:54 ERROR C:\project_new\venv\Lib\site-packages\django\utils\log.py "GET /accounts/yandex/login/ HTTP/1.1" 500 96507
None
2026-06-05 00:25:55 ERROR C:\project_new\venv\Lib\site-packages\django\utils\log.py Internal Server Error: /accounts/yandex/login/
(<class 'allauth.socialaccount.models.SocialApp.DoesNotExist'>, DoesNotExist(), <traceback object at 0x000001694A042040>)
Traceback (most recent call last):
  File "C:\project_new\venv\Lib\site-packages\django\core\handlers\exception.py", line 55, in inner
    response = get_response(request)
  File "C:\project_new\venv\Lib\site-packages\django\core\handlers\base.py", line 198, in _get_response
    response = wrapped_callback(request, *callback_args, **callback_kwargs)
  File "C:\project_new\venv\Lib\site-packages\allauth\socialaccount\providers\oauth2\views.py", line 112, in view
    return self.dispatch(  # type:ignore[attr-defined]
           ~~~~~~~~~~~~~^^^^^^^^^^^^^^^^^^^^^^^^^^^^^^
        request, *args, **kwargs
        ^^^^^^^^^^^^^^^^^^^^^^^^
    )
    ^
  File "C:\project_new\venv\Lib\site-packages\allauth\socialaccount\providers\base\views.py", line 19, in dispatch
    provider = self.get_provider()
  File "C:\project_new\venv\Lib\site-packages\allauth\socialaccount\providers\oauth2\views.py", line 123, in get_provider
    return self.adapter.get_provider()
           ~~~~~~~~~~~~~~~~~~~~~~~~~^^
  File "C:\project_new\venv\Lib\site-packages\allauth\socialaccount\providers\oauth2\views.py", line 50, in get_provider
    return get_adapter(self.request).get_provider(
           ~~~~~~~~~~~~~~~~~~~~~~~~~~~~~~~~~~~~~~^
        self.request, provider=self.provider_id
        ^^^^^^^^^^^^^^^^^^^^^^^^^^^^^^^^^^^^^^^
    )
    ^
  File "C:\project_new\venv\Lib\site-packages\allauth\socialaccount\adapter.py", line 234, in get_provider
    app = self.get_app(request, provider=provider, client_id=client_id)
  File "C:\project_new\venv\Lib\site-packages\allauth\socialaccount\adapter.py", line 326, in get_app
    raise SocialApp.DoesNotExist()
allauth.socialaccount.models.SocialApp.DoesNotExist
2026-06-05 00:25:55 ERROR C:\project_new\venv\Lib\site-packages\django\utils\log.py "GET /accounts/yandex/login/ HTTP/1.1" 500 96644
None
2026-06-05 00:25:57 ERROR C:\project_new\venv\Lib\site-packages\django\utils\log.py Internal Server Error: /accounts/yandex/login/
(<class 'allauth.socialaccount.models.SocialApp.DoesNotExist'>, DoesNotExist(), <traceback object at 0x000001694A043540>)
Traceback (most recent call last):
  File "C:\project_new\venv\Lib\site-packages\django\core\handlers\exception.py", line 55, in inner
    response = get_response(request)
  File "C:\project_new\venv\Lib\site-packages\django\core\handlers\base.py", line 198, in _get_response
    response = wrapped_callback(request, *callback_args, **callback_kwargs)
  File "C:\project_new\venv\Lib\site-packages\allauth\socialaccount\providers\oauth2\views.py", line 112, in view
    return self.dispatch(  # type:ignore[attr-defined]
           ~~~~~~~~~~~~~^^^^^^^^^^^^^^^^^^^^^^^^^^^^^^
        request, *args, **kwargs
        ^^^^^^^^^^^^^^^^^^^^^^^^
    )
    ^
  File "C:\project_new\venv\Lib\site-packages\allauth\socialaccount\providers\base\views.py", line 19, in dispatch
    provider = self.get_provider()
  File "C:\project_new\venv\Lib\site-packages\allauth\socialaccount\providers\oauth2\views.py", line 123, in get_provider
    return self.adapter.get_provider()
           ~~~~~~~~~~~~~~~~~~~~~~~~~^^
  File "C:\project_new\venv\Lib\site-packages\allauth\socialaccount\providers\oauth2\views.py", line 50, in get_provider
    return get_adapter(self.request).get_provider(
           ~~~~~~~~~~~~~~~~~~~~~~~~~~~~~~~~~~~~~~^
        self.request, provider=self.provider_id
        ^^^^^^^^^^^^^^^^^^^^^^^^^^^^^^^^^^^^^^^
    )
    ^
  File "C:\project_new\venv\Lib\site-packages\allauth\socialaccount\adapter.py", line 234, in get_provider
    app = self.get_app(request, provider=provider, client_id=client_id)
  File "C:\project_new\venv\Lib\site-packages\allauth\socialaccount\adapter.py", line 326, in get_app
    raise SocialApp.DoesNotExist()
allauth.socialaccount.models.SocialApp.DoesNotExist
2026-06-05 00:25:57 ERROR C:\project_new\venv\Lib\site-packages\django\utils\log.py "GET /accounts/yandex/login/ HTTP/1.1" 500 96507
None
